python3: can't open file '/work/rt-thread/remote_test.py': [Errno 2] No such file or directory
